EN ifidregisters NULL D:/Junior/ComputerOrganization/CPU/jiyuan/cpu/IfIdRegisters.vhd sub00/vhpl04 1480165711
AR ifidregisters behavioral D:/Junior/ComputerOrganization/CPU/jiyuan/cpu/IfIdRegisters.vhd sub00/vhpl05 1480165712
EN clock NULL D:/Junior/ComputerOrganization/CPU/jiyuan/cpu/clock.vhd sub00/vhpl34 1480165741
AR vga_controller behave D:/Junior/ComputerOrganization/CPU/jiyuan/cpu/VGA_Controller.vhd sub00/vhpl47 1480165752
AR pcregister behavioral D:/Junior/ComputerOrganization/CPU/jiyuan/cpu/PCRegister.vhd sub00/vhpl01 1480165708
EN idexregisters NULL D:/Junior/ComputerOrganization/CPU/jiyuan/cpu/IdExRegisters.vhd sub00/vhpl14 1480165721
AR fontrom fontrom_a D:/Junior/ComputerOrganization/CPU/jiyuan/cpu/ipcore_dir/fontRom.vhd sub00/vhpl51 1480165756
AR pcadder behavioral D:/Junior/ComputerOrganization/CPU/jiyuan/cpu/PCAdder.vhd sub00/vhpl03 1480165710
AR idexregisters behavioral D:/Junior/ComputerOrganization/CPU/jiyuan/cpu/IdExRegisters.vhd sub00/vhpl15 1480165722
AR amux behavioral D:/Junior/ComputerOrganization/CPU/jiyuan/cpu/AMux.vhd sub00/vhpl17 1480165724
AR hazarddetectionunit behavioral D:/Junior/ComputerOrganization/CPU/jiyuan/cpu/HazardDetectionUnit.vhd sub00/vhpl29 1480165736
EN bmux NULL D:/Junior/ComputerOrganization/CPU/jiyuan/cpu/BMux.vhd sub00/vhpl18 1480165725
AR pcmux behavioral D:/Junior/ComputerOrganization/CPU/jiyuan/cpu/PCMux.vhd sub00/vhpl31 1480165738
AR clock behavioral D:/Junior/ComputerOrganization/CPU/jiyuan/cpu/clock.vhd sub00/vhpl35 1480165742
AR registers behavioral D:/Junior/ComputerOrganization/CPU/jiyuan/cpu/Registers.vhd sub00/vhpl11 1480165718
EN cpu NULL D:/Junior/ComputerOrganization/CPU/jiyuan/cpu/cpu.vhd sub00/vhpl44 1480165759
EN memwbregisters NULL D:/Junior/ComputerOrganization/CPU/jiyuan/cpu/MemWbRegisters.vhd sub00/vhpl26 1480165733
AR memoryunit behavioral D:/Junior/ComputerOrganization/CPU/jiyuan/cpu/MemoryUnit.vhd sub00/vhpl33 1480165740
EN pcadder NULL D:/Junior/ComputerOrganization/CPU/jiyuan/cpu/PCAdder.vhd sub00/vhpl02 1480165709
EN readreg2mux NULL D:/Junior/ComputerOrganization/CPU/jiyuan/cpu/ReadReg2Mux.vhd sub00/vhpl42 1480165749
EN memoryunit NULL D:/Junior/ComputerOrganization/CPU/jiyuan/cpu/MemoryUnit.vhd sub00/vhpl32 1480165739
AR cpu behavioral D:/Junior/ComputerOrganization/CPU/jiyuan/cpu/cpu.vhd sub00/vhpl45 1480165760
EN hazarddetectionunit NULL D:/Junior/ComputerOrganization/CPU/jiyuan/cpu/HazardDetectionUnit.vhd sub00/vhpl28 1480165735
AR rdmux behavioral D:/Junior/ComputerOrganization/CPU/jiyuan/cpu/RdMux.vhd sub00/vhpl07 1480165714
AR forwardcontroller behavioral D:/Junior/ComputerOrganization/CPU/jiyuan/cpu/ForwardController.vhd sub00/vhpl21 1480165728
AR bmux behavioral D:/Junior/ComputerOrganization/CPU/jiyuan/cpu/BMux.vhd sub00/vhpl19 1480165726
EN structconflictunit NULL D:/Junior/ComputerOrganization/CPU/jiyuan/cpu/StructConflictUnit.vhd sub00/vhpl36 1480165743
EN digit NULL D:/Junior/ComputerOrganization/CPU/jiyuan/cpu/ipcore_dir/digit.vhd sub00/vhpl48 1480165753
AR exmemregisters behavioral D:/Junior/ComputerOrganization/CPU/jiyuan/cpu/ExMemRegisters.vhd sub00/vhpl25 1480165732
AR mfpcmux behavioral D:/Junior/ComputerOrganization/CPU/jiyuan/cpu/MFPCMux.vhd sub00/vhpl39 1480165746
EN pcmux NULL D:/Junior/ComputerOrganization/CPU/jiyuan/cpu/PCMux.vhd sub00/vhpl30 1480165737
AR readreg1mux behavioral D:/Junior/ComputerOrganization/CPU/jiyuan/cpu/ReadReg1Mux.vhd sub00/vhpl41 1480165748
EN amux NULL D:/Junior/ComputerOrganization/CPU/jiyuan/cpu/AMux.vhd sub00/vhpl16 1480165723
EN fontrom NULL D:/Junior/ComputerOrganization/CPU/jiyuan/cpu/ipcore_dir/fontRom.vhd sub00/vhpl50 1480165755
EN mfpcmux NULL D:/Junior/ComputerOrganization/CPU/jiyuan/cpu/MFPCMux.vhd sub00/vhpl38 1480165745
EN writedatamux NULL D:/Junior/ComputerOrganization/CPU/jiyuan/cpu/WriteDataMux.vhd sub00/vhpl52 1480165757
AR structconflictunit behavioral D:/Junior/ComputerOrganization/CPU/jiyuan/cpu/StructConflictUnit.vhd sub00/vhpl37 1480165744
EN exmemregisters NULL D:/Junior/ComputerOrganization/CPU/jiyuan/cpu/ExMemRegisters.vhd sub00/vhpl24 1480165731
EN rdmux NULL D:/Junior/ComputerOrganization/CPU/jiyuan/cpu/RdMux.vhd sub00/vhpl06 1480165713
EN readreg1mux NULL D:/Junior/ComputerOrganization/CPU/jiyuan/cpu/ReadReg1Mux.vhd sub00/vhpl40 1480165747
EN vga_controller NULL D:/Junior/ComputerOrganization/CPU/jiyuan/cpu/VGA_Controller.vhd sub00/vhpl46 1480165751
EN pcregister NULL D:/Junior/ComputerOrganization/CPU/jiyuan/cpu/PCRegister.vhd sub00/vhpl00 1480165707
AR digit digit_a D:/Junior/ComputerOrganization/CPU/jiyuan/cpu/ipcore_dir/digit.vhd sub00/vhpl49 1480165754
AR alu behavioral D:/Junior/ComputerOrganization/CPU/jiyuan/cpu/ALU.vhd sub00/vhpl23 1480165730
EN forwardcontroller NULL D:/Junior/ComputerOrganization/CPU/jiyuan/cpu/ForwardController.vhd sub00/vhpl20 1480165727
EN immeextendunit NULL D:/Junior/ComputerOrganization/CPU/jiyuan/cpu/ImmeExtendUnit.vhd sub00/vhpl12 1480165719
EN controller NULL D:/Junior/ComputerOrganization/CPU/jiyuan/cpu/Controller.vhd sub00/vhpl08 1480165715
AR readreg2mux behavioral D:/Junior/ComputerOrganization/CPU/jiyuan/cpu/ReadReg2Mux.vhd sub00/vhpl43 1480165750
AR memwbregisters behavioral D:/Junior/ComputerOrganization/CPU/jiyuan/cpu/MemWbRegisters.vhd sub00/vhpl27 1480165734
AR controller behavioral D:/Junior/ComputerOrganization/CPU/jiyuan/cpu/Controller.vhd sub00/vhpl09 1480165716
AR writedatamux behavioral D:/Junior/ComputerOrganization/CPU/jiyuan/cpu/WriteDataMux.vhd sub00/vhpl53 1480165758
EN registers NULL D:/Junior/ComputerOrganization/CPU/jiyuan/cpu/Registers.vhd sub00/vhpl10 1480165717
EN alu NULL D:/Junior/ComputerOrganization/CPU/jiyuan/cpu/ALU.vhd sub00/vhpl22 1480165729
AR immeextendunit behavioral D:/Junior/ComputerOrganization/CPU/jiyuan/cpu/ImmeExtendUnit.vhd sub00/vhpl13 1480165720
