EN ifidregisters NULL D:/Junior/ComputerOrganization/CPU/jiyuan/cpu/IfIdRegisters.vhd sub00/vhpl04 1480251023
AR ifidregisters behavioral D:/Junior/ComputerOrganization/CPU/jiyuan/cpu/IfIdRegisters.vhd sub00/vhpl05 1480251024
AR vga_controller behave D:/Junior/ComputerOrganization/CPU/jiyuan/cpu/VGA_Controller.vhd sub00/vhpl47 1480251064
EN clock NULL D:/Junior/ComputerOrganization/CPU/jiyuan/cpu/clock.vhd sub00/vhpl34 1480251053
AR pcregister behavioral D:/Junior/ComputerOrganization/CPU/jiyuan/cpu/PCRegister.vhd sub00/vhpl01 1480251020
EN idexregisters NULL D:/Junior/ComputerOrganization/CPU/jiyuan/cpu/IdExRegisters.vhd sub00/vhpl14 1480251033
AR fontrom fontrom_a D:/Junior/ComputerOrganization/CPU/jiyuan/cpu/ipcore_dir/fontRom.vhd sub00/vhpl51 1480251068
AR pcadder behavioral D:/Junior/ComputerOrganization/CPU/jiyuan/cpu/PCAdder.vhd sub00/vhpl03 1480251022
AR idexregisters behavioral D:/Junior/ComputerOrganization/CPU/jiyuan/cpu/IdExRegisters.vhd sub00/vhpl15 1480251034
AR amux behavioral D:/Junior/ComputerOrganization/CPU/jiyuan/cpu/AMux.vhd sub00/vhpl17 1480251036
AR hazarddetectionunit behavioral D:/Junior/ComputerOrganization/CPU/jiyuan/cpu/HazardDetectionUnit.vhd sub00/vhpl29 1480251048
EN bmux NULL D:/Junior/ComputerOrganization/CPU/jiyuan/cpu/BMux.vhd sub00/vhpl18 1480251037
AR pcmux behavioral D:/Junior/ComputerOrganization/CPU/jiyuan/cpu/PCMux.vhd sub00/vhpl31 1480251050
AR clock behavioral D:/Junior/ComputerOrganization/CPU/jiyuan/cpu/clock.vhd sub00/vhpl35 1480251054
AR registers behavioral D:/Junior/ComputerOrganization/CPU/jiyuan/cpu/Registers.vhd sub00/vhpl11 1480251030
EN cpu NULL D:/Junior/ComputerOrganization/CPU/jiyuan/cpu/cpu.vhd sub00/vhpl44 1480251071
EN memwbregisters NULL D:/Junior/ComputerOrganization/CPU/jiyuan/cpu/MemWbRegisters.vhd sub00/vhpl26 1480251045
AR memoryunit behavioral D:/Junior/ComputerOrganization/CPU/jiyuan/cpu/MemoryUnit.vhd sub00/vhpl33 1480251052
EN pcadder NULL D:/Junior/ComputerOrganization/CPU/jiyuan/cpu/PCAdder.vhd sub00/vhpl02 1480251021
EN readreg2mux NULL D:/Junior/ComputerOrganization/CPU/jiyuan/cpu/ReadReg2Mux.vhd sub00/vhpl42 1480251061
EN memoryunit NULL D:/Junior/ComputerOrganization/CPU/jiyuan/cpu/MemoryUnit.vhd sub00/vhpl32 1480251051
AR cpu behavioral D:/Junior/ComputerOrganization/CPU/jiyuan/cpu/cpu.vhd sub00/vhpl45 1480251072
EN hazarddetectionunit NULL D:/Junior/ComputerOrganization/CPU/jiyuan/cpu/HazardDetectionUnit.vhd sub00/vhpl28 1480251047
AR rdmux behavioral D:/Junior/ComputerOrganization/CPU/jiyuan/cpu/RdMux.vhd sub00/vhpl07 1480251026
AR forwardcontroller behavioral D:/Junior/ComputerOrganization/CPU/jiyuan/cpu/ForwardController.vhd sub00/vhpl21 1480251040
AR bmux behavioral D:/Junior/ComputerOrganization/CPU/jiyuan/cpu/BMux.vhd sub00/vhpl19 1480251038
EN structconflictunit NULL D:/Junior/ComputerOrganization/CPU/jiyuan/cpu/StructConflictUnit.vhd sub00/vhpl36 1480251055
EN digit NULL D:/Junior/ComputerOrganization/CPU/jiyuan/cpu/ipcore_dir/digit.vhd sub00/vhpl48 1480251065
AR exmemregisters behavioral D:/Junior/ComputerOrganization/CPU/jiyuan/cpu/ExMemRegisters.vhd sub00/vhpl25 1480251044
AR mfpcmux behavioral D:/Junior/ComputerOrganization/CPU/jiyuan/cpu/MFPCMux.vhd sub00/vhpl39 1480251058
EN pcmux NULL D:/Junior/ComputerOrganization/CPU/jiyuan/cpu/PCMux.vhd sub00/vhpl30 1480251049
AR readreg1mux behavioral D:/Junior/ComputerOrganization/CPU/jiyuan/cpu/ReadReg1Mux.vhd sub00/vhpl41 1480251060
EN amux NULL D:/Junior/ComputerOrganization/CPU/jiyuan/cpu/AMux.vhd sub00/vhpl16 1480251035
EN fontrom NULL D:/Junior/ComputerOrganization/CPU/jiyuan/cpu/ipcore_dir/fontRom.vhd sub00/vhpl50 1480251067
EN mfpcmux NULL D:/Junior/ComputerOrganization/CPU/jiyuan/cpu/MFPCMux.vhd sub00/vhpl38 1480251057
EN writedatamux NULL D:/Junior/ComputerOrganization/CPU/jiyuan/cpu/WriteDataMux.vhd sub00/vhpl52 1480251069
AR structconflictunit behavioral D:/Junior/ComputerOrganization/CPU/jiyuan/cpu/StructConflictUnit.vhd sub00/vhpl37 1480251056
EN exmemregisters NULL D:/Junior/ComputerOrganization/CPU/jiyuan/cpu/ExMemRegisters.vhd sub00/vhpl24 1480251043
EN rdmux NULL D:/Junior/ComputerOrganization/CPU/jiyuan/cpu/RdMux.vhd sub00/vhpl06 1480251025
EN readreg1mux NULL D:/Junior/ComputerOrganization/CPU/jiyuan/cpu/ReadReg1Mux.vhd sub00/vhpl40 1480251059
EN vga_controller NULL D:/Junior/ComputerOrganization/CPU/jiyuan/cpu/VGA_Controller.vhd sub00/vhpl46 1480251063
EN pcregister NULL D:/Junior/ComputerOrganization/CPU/jiyuan/cpu/PCRegister.vhd sub00/vhpl00 1480251019
AR digit digit_a D:/Junior/ComputerOrganization/CPU/jiyuan/cpu/ipcore_dir/digit.vhd sub00/vhpl49 1480251066
AR alu behavioral D:/Junior/ComputerOrganization/CPU/jiyuan/cpu/ALU.vhd sub00/vhpl23 1480251042
EN forwardcontroller NULL D:/Junior/ComputerOrganization/CPU/jiyuan/cpu/ForwardController.vhd sub00/vhpl20 1480251039
EN immeextendunit NULL D:/Junior/ComputerOrganization/CPU/jiyuan/cpu/ImmeExtendUnit.vhd sub00/vhpl12 1480251031
EN controller NULL D:/Junior/ComputerOrganization/CPU/jiyuan/cpu/Controller.vhd sub00/vhpl08 1480251027
AR readreg2mux behavioral D:/Junior/ComputerOrganization/CPU/jiyuan/cpu/ReadReg2Mux.vhd sub00/vhpl43 1480251062
AR memwbregisters behavioral D:/Junior/ComputerOrganization/CPU/jiyuan/cpu/MemWbRegisters.vhd sub00/vhpl27 1480251046
AR controller behavioral D:/Junior/ComputerOrganization/CPU/jiyuan/cpu/Controller.vhd sub00/vhpl09 1480251028
AR writedatamux behavioral D:/Junior/ComputerOrganization/CPU/jiyuan/cpu/WriteDataMux.vhd sub00/vhpl53 1480251070
EN registers NULL D:/Junior/ComputerOrganization/CPU/jiyuan/cpu/Registers.vhd sub00/vhpl10 1480251029
EN alu NULL D:/Junior/ComputerOrganization/CPU/jiyuan/cpu/ALU.vhd sub00/vhpl22 1480251041
AR immeextendunit behavioral D:/Junior/ComputerOrganization/CPU/jiyuan/cpu/ImmeExtendUnit.vhd sub00/vhpl13 1480251032
