EN ifidregisters NULL D:/Junior/ComputerOrganization/CPU/jiyuan/cpu/IfIdRegisters.vhd sub00/vhpl04 1480243056
AR ifidregisters behavioral D:/Junior/ComputerOrganization/CPU/jiyuan/cpu/IfIdRegisters.vhd sub00/vhpl05 1480243057
EN clock NULL D:/Junior/ComputerOrganization/CPU/jiyuan/cpu/clock.vhd sub00/vhpl34 1480243086
AR vga_controller behave D:/Junior/ComputerOrganization/CPU/jiyuan/cpu/VGA_Controller.vhd sub00/vhpl47 1480243097
AR pcregister behavioral D:/Junior/ComputerOrganization/CPU/jiyuan/cpu/PCRegister.vhd sub00/vhpl01 1480243053
EN idexregisters NULL D:/Junior/ComputerOrganization/CPU/jiyuan/cpu/IdExRegisters.vhd sub00/vhpl14 1480243066
AR fontrom fontrom_a D:/Junior/ComputerOrganization/CPU/jiyuan/cpu/ipcore_dir/fontRom.vhd sub00/vhpl51 1480243101
AR pcadder behavioral D:/Junior/ComputerOrganization/CPU/jiyuan/cpu/PCAdder.vhd sub00/vhpl03 1480243055
AR idexregisters behavioral D:/Junior/ComputerOrganization/CPU/jiyuan/cpu/IdExRegisters.vhd sub00/vhpl15 1480243067
AR amux behavioral D:/Junior/ComputerOrganization/CPU/jiyuan/cpu/AMux.vhd sub00/vhpl17 1480243069
AR hazarddetectionunit behavioral D:/Junior/ComputerOrganization/CPU/jiyuan/cpu/HazardDetectionUnit.vhd sub00/vhpl29 1480243081
EN bmux NULL D:/Junior/ComputerOrganization/CPU/jiyuan/cpu/BMux.vhd sub00/vhpl18 1480243070
AR pcmux behavioral D:/Junior/ComputerOrganization/CPU/jiyuan/cpu/PCMux.vhd sub00/vhpl31 1480243083
AR clock behavioral D:/Junior/ComputerOrganization/CPU/jiyuan/cpu/clock.vhd sub00/vhpl35 1480243087
AR registers behavioral D:/Junior/ComputerOrganization/CPU/jiyuan/cpu/Registers.vhd sub00/vhpl11 1480243063
EN cpu NULL D:/Junior/ComputerOrganization/CPU/jiyuan/cpu/cpu.vhd sub00/vhpl44 1480243104
EN memwbregisters NULL D:/Junior/ComputerOrganization/CPU/jiyuan/cpu/MemWbRegisters.vhd sub00/vhpl26 1480243078
AR memoryunit behavioral D:/Junior/ComputerOrganization/CPU/jiyuan/cpu/MemoryUnit.vhd sub00/vhpl33 1480243085
EN pcadder NULL D:/Junior/ComputerOrganization/CPU/jiyuan/cpu/PCAdder.vhd sub00/vhpl02 1480243054
EN readreg2mux NULL D:/Junior/ComputerOrganization/CPU/jiyuan/cpu/ReadReg2Mux.vhd sub00/vhpl42 1480243094
EN memoryunit NULL D:/Junior/ComputerOrganization/CPU/jiyuan/cpu/MemoryUnit.vhd sub00/vhpl32 1480243084
AR cpu behavioral D:/Junior/ComputerOrganization/CPU/jiyuan/cpu/cpu.vhd sub00/vhpl45 1480243105
EN hazarddetectionunit NULL D:/Junior/ComputerOrganization/CPU/jiyuan/cpu/HazardDetectionUnit.vhd sub00/vhpl28 1480243080
AR rdmux behavioral D:/Junior/ComputerOrganization/CPU/jiyuan/cpu/RdMux.vhd sub00/vhpl07 1480243059
AR forwardcontroller behavioral D:/Junior/ComputerOrganization/CPU/jiyuan/cpu/ForwardController.vhd sub00/vhpl21 1480243073
AR bmux behavioral D:/Junior/ComputerOrganization/CPU/jiyuan/cpu/BMux.vhd sub00/vhpl19 1480243071
EN structconflictunit NULL D:/Junior/ComputerOrganization/CPU/jiyuan/cpu/StructConflictUnit.vhd sub00/vhpl36 1480243088
EN digit NULL D:/Junior/ComputerOrganization/CPU/jiyuan/cpu/ipcore_dir/digit.vhd sub00/vhpl48 1480243098
AR exmemregisters behavioral D:/Junior/ComputerOrganization/CPU/jiyuan/cpu/ExMemRegisters.vhd sub00/vhpl25 1480243077
AR mfpcmux behavioral D:/Junior/ComputerOrganization/CPU/jiyuan/cpu/MFPCMux.vhd sub00/vhpl39 1480243091
EN pcmux NULL D:/Junior/ComputerOrganization/CPU/jiyuan/cpu/PCMux.vhd sub00/vhpl30 1480243082
AR readreg1mux behavioral D:/Junior/ComputerOrganization/CPU/jiyuan/cpu/ReadReg1Mux.vhd sub00/vhpl41 1480243093
EN amux NULL D:/Junior/ComputerOrganization/CPU/jiyuan/cpu/AMux.vhd sub00/vhpl16 1480243068
EN fontrom NULL D:/Junior/ComputerOrganization/CPU/jiyuan/cpu/ipcore_dir/fontRom.vhd sub00/vhpl50 1480243100
EN mfpcmux NULL D:/Junior/ComputerOrganization/CPU/jiyuan/cpu/MFPCMux.vhd sub00/vhpl38 1480243090
EN writedatamux NULL D:/Junior/ComputerOrganization/CPU/jiyuan/cpu/WriteDataMux.vhd sub00/vhpl52 1480243102
AR structconflictunit behavioral D:/Junior/ComputerOrganization/CPU/jiyuan/cpu/StructConflictUnit.vhd sub00/vhpl37 1480243089
EN exmemregisters NULL D:/Junior/ComputerOrganization/CPU/jiyuan/cpu/ExMemRegisters.vhd sub00/vhpl24 1480243076
EN rdmux NULL D:/Junior/ComputerOrganization/CPU/jiyuan/cpu/RdMux.vhd sub00/vhpl06 1480243058
EN readreg1mux NULL D:/Junior/ComputerOrganization/CPU/jiyuan/cpu/ReadReg1Mux.vhd sub00/vhpl40 1480243092
EN vga_controller NULL D:/Junior/ComputerOrganization/CPU/jiyuan/cpu/VGA_Controller.vhd sub00/vhpl46 1480243096
EN pcregister NULL D:/Junior/ComputerOrganization/CPU/jiyuan/cpu/PCRegister.vhd sub00/vhpl00 1480243052
AR digit digit_a D:/Junior/ComputerOrganization/CPU/jiyuan/cpu/ipcore_dir/digit.vhd sub00/vhpl49 1480243099
AR alu behavioral D:/Junior/ComputerOrganization/CPU/jiyuan/cpu/ALU.vhd sub00/vhpl23 1480243075
EN forwardcontroller NULL D:/Junior/ComputerOrganization/CPU/jiyuan/cpu/ForwardController.vhd sub00/vhpl20 1480243072
EN immeextendunit NULL D:/Junior/ComputerOrganization/CPU/jiyuan/cpu/ImmeExtendUnit.vhd sub00/vhpl12 1480243064
EN controller NULL D:/Junior/ComputerOrganization/CPU/jiyuan/cpu/Controller.vhd sub00/vhpl08 1480243060
AR readreg2mux behavioral D:/Junior/ComputerOrganization/CPU/jiyuan/cpu/ReadReg2Mux.vhd sub00/vhpl43 1480243095
AR memwbregisters behavioral D:/Junior/ComputerOrganization/CPU/jiyuan/cpu/MemWbRegisters.vhd sub00/vhpl27 1480243079
AR controller behavioral D:/Junior/ComputerOrganization/CPU/jiyuan/cpu/Controller.vhd sub00/vhpl09 1480243061
AR writedatamux behavioral D:/Junior/ComputerOrganization/CPU/jiyuan/cpu/WriteDataMux.vhd sub00/vhpl53 1480243103
EN registers NULL D:/Junior/ComputerOrganization/CPU/jiyuan/cpu/Registers.vhd sub00/vhpl10 1480243062
EN alu NULL D:/Junior/ComputerOrganization/CPU/jiyuan/cpu/ALU.vhd sub00/vhpl22 1480243074
AR immeextendunit behavioral D:/Junior/ComputerOrganization/CPU/jiyuan/cpu/ImmeExtendUnit.vhd sub00/vhpl13 1480243065
