V3 91
FL D:/Junior/ComputerOrganization/CPU/jiyuan/cpu/ALU.vhd 2016/11/23.18:44:28 P.20131013
EN work/ALU 1479998342 FL D:/Junior/ComputerOrganization/CPU/jiyuan/cpu/ALU.vhd \
      PB ieee/std_logic_1164 1381692176 PB ieee/STD_LOGIC_UNSIGNED 1381692179 \
      PB ieee/std_logic_arith 1381692177
AR work/ALU/Behavioral 1479998343 \
      FL D:/Junior/ComputerOrganization/CPU/jiyuan/cpu/ALU.vhd EN work/ALU 1479998342
FL D:/Junior/ComputerOrganization/CPU/jiyuan/cpu/AMux.vhd 2016/11/23.22:43:50 P.20131013
EN work/AMux 1479998336 FL D:/Junior/ComputerOrganization/CPU/jiyuan/cpu/AMux.vhd \
      PB ieee/std_logic_1164 1381692176
AR work/AMux/Behavioral 1479998337 \
      FL D:/Junior/ComputerOrganization/CPU/jiyuan/cpu/AMux.vhd EN work/AMux 1479998336
FL D:/Junior/ComputerOrganization/CPU/jiyuan/cpu/BMux.vhd 2016/11/24.16:56:55 P.20131013
EN work/BMux 1479998338 FL D:/Junior/ComputerOrganization/CPU/jiyuan/cpu/BMux.vhd \
      PB ieee/std_logic_1164 1381692176
AR work/BMux/Behavioral 1479998339 \
      FL D:/Junior/ComputerOrganization/CPU/jiyuan/cpu/BMux.vhd EN work/BMux 1479998338
FL D:/Junior/ComputerOrganization/CPU/jiyuan/cpu/clock.vhd 2016/11/24.20:07:00 P.20131013
EN work/clock 1479998354 \
      FL D:/Junior/ComputerOrganization/CPU/jiyuan/cpu/clock.vhd \
      PB ieee/std_logic_1164 1381692176
AR work/clock/Behavioral 1479998355 \
      FL D:/Junior/ComputerOrganization/CPU/jiyuan/cpu/clock.vhd EN work/clock 1479998354
FL D:/Junior/ComputerOrganization/CPU/jiyuan/cpu/Controller.vhd 2016/11/23.18:44:45 P.20131013
EN work/Controller 1479998328 \
      FL D:/Junior/ComputerOrganization/CPU/jiyuan/cpu/Controller.vhd \
      PB ieee/std_logic_1164 1381692176
AR work/Controller/Behavioral 1479998329 \
      FL D:/Junior/ComputerOrganization/CPU/jiyuan/cpu/Controller.vhd \
      EN work/Controller 1479998328
FL D:/Junior/ComputerOrganization/CPU/jiyuan/cpu/cpu.vhd 2016/11/24.22:37:24 P.20131013
EN work/cpu 1479998364 FL D:/Junior/ComputerOrganization/CPU/jiyuan/cpu/cpu.vhd \
      PB ieee/std_logic_1164 1381692176
AR work/cpu/Behavioral 1479998365 \
      FL D:/Junior/ComputerOrganization/CPU/jiyuan/cpu/cpu.vhd EN work/cpu 1479998364 \
      CP PCRegister CP PCAdder CP IfIdRegisters CP RdMux CP Controller CP Registers \
      CP ImmeExtendUnit CP IdExRegisters CP AMux CP BMux CP ForwardController CP ALU \
      CP ExMemRegisters CP MemWbRegisters CP HazardDetectionUnit CP PCMux \
      CP MemoryUnit CP Clock CP StructConflictUnit CP MFPCMux CP ReadReg1Mux \
      CP ReadReg2Mux
FL D:/Junior/ComputerOrganization/CPU/jiyuan/cpu/ExMemRegisters.vhd 2016/11/24.15:30:51 P.20131013
EN work/ExMemRegisters 1479998344 \
      FL D:/Junior/ComputerOrganization/CPU/jiyuan/cpu/ExMemRegisters.vhd \
      PB ieee/std_logic_1164 1381692176
AR work/ExMemRegisters/Behavioral 1479998345 \
      FL D:/Junior/ComputerOrganization/CPU/jiyuan/cpu/ExMemRegisters.vhd \
      EN work/ExMemRegisters 1479998344
FL D:/Junior/ComputerOrganization/CPU/jiyuan/cpu/ForwardController.vhd 2016/11/23.22:46:32 P.20131013
EN work/ForwardController 1479998340 \
      FL D:/Junior/ComputerOrganization/CPU/jiyuan/cpu/ForwardController.vhd \
      PB ieee/std_logic_1164 1381692176
AR work/ForwardController/Behavioral 1479998341 \
      FL D:/Junior/ComputerOrganization/CPU/jiyuan/cpu/ForwardController.vhd \
      EN work/ForwardController 1479998340
FL D:/Junior/ComputerOrganization/CPU/jiyuan/cpu/HazardDetectionUnit.vhd 2016/11/23.18:44:28 P.20131013
EN work/HazardDetectionUnit 1479998348 \
      FL D:/Junior/ComputerOrganization/CPU/jiyuan/cpu/HazardDetectionUnit.vhd \
      PB ieee/std_logic_1164 1381692176
AR work/HazardDetectionUnit/Behavioral 1479998349 \
      FL D:/Junior/ComputerOrganization/CPU/jiyuan/cpu/HazardDetectionUnit.vhd \
      EN work/HazardDetectionUnit 1479998348
FL D:/Junior/ComputerOrganization/CPU/jiyuan/cpu/IdExRegisters.vhd 2016/11/24.16:55:17 P.20131013
EN work/IdExRegisters 1479998334 \
      FL D:/Junior/ComputerOrganization/CPU/jiyuan/cpu/IdExRegisters.vhd \
      PB ieee/std_logic_1164 1381692176
AR work/IdExRegisters/Behavioral 1479998335 \
      FL D:/Junior/ComputerOrganization/CPU/jiyuan/cpu/IdExRegisters.vhd \
      EN work/IdExRegisters 1479998334
FL D:/Junior/ComputerOrganization/CPU/jiyuan/cpu/IfIdRegisters.vhd 2016/11/24.16:56:10 P.20131013
EN work/IfIdRegisters 1479998324 \
      FL D:/Junior/ComputerOrganization/CPU/jiyuan/cpu/IfIdRegisters.vhd \
      PB ieee/std_logic_1164 1381692176
AR work/IfIdRegisters/Behavioral 1479998325 \
      FL D:/Junior/ComputerOrganization/CPU/jiyuan/cpu/IfIdRegisters.vhd \
      EN work/IfIdRegisters 1479998324
FL D:/Junior/ComputerOrganization/CPU/jiyuan/cpu/ImmeExtendUnit.vhd 2016/11/24.16:53:02 P.20131013
EN work/ImmeExtendUnit 1479998332 \
      FL D:/Junior/ComputerOrganization/CPU/jiyuan/cpu/ImmeExtendUnit.vhd \
      PB ieee/std_logic_1164 1381692176
AR work/ImmeExtendUnit/Behavioral 1479998333 \
      FL D:/Junior/ComputerOrganization/CPU/jiyuan/cpu/ImmeExtendUnit.vhd \
      EN work/ImmeExtendUnit 1479998332
FL D:/Junior/ComputerOrganization/CPU/jiyuan/cpu/MemoryUnit.vhd 2016/11/24.20:40:03 P.20131013
EN work/MemoryUnit 1479998352 \
      FL D:/Junior/ComputerOrganization/CPU/jiyuan/cpu/MemoryUnit.vhd \
      PB ieee/std_logic_1164 1381692176
AR work/MemoryUnit/Behavioral 1479998353 \
      FL D:/Junior/ComputerOrganization/CPU/jiyuan/cpu/MemoryUnit.vhd \
      EN work/MemoryUnit 1479998352
FL D:/Junior/ComputerOrganization/CPU/jiyuan/cpu/MemWbRegisters.vhd 2016/11/23.18:44:45 P.20131013
EN work/MemWbRegisters 1479998346 \
      FL D:/Junior/ComputerOrganization/CPU/jiyuan/cpu/MemWbRegisters.vhd \
      PB ieee/std_logic_1164 1381692176
AR work/MemWbRegisters/Behavioral 1479998347 \
      FL D:/Junior/ComputerOrganization/CPU/jiyuan/cpu/MemWbRegisters.vhd \
      EN work/MemWbRegisters 1479998346
FL D:/Junior/ComputerOrganization/CPU/jiyuan/cpu/MFPCMux.vhd 2016/11/23.18:44:45 P.20131013
EN work/MFPCMux 1479998358 \
      FL D:/Junior/ComputerOrganization/CPU/jiyuan/cpu/MFPCMux.vhd \
      PB ieee/std_logic_1164 1381692176
AR work/MFPCMux/Behavioral 1479998359 \
      FL D:/Junior/ComputerOrganization/CPU/jiyuan/cpu/MFPCMux.vhd \
      EN work/MFPCMux 1479998358
FL D:/Junior/ComputerOrganization/CPU/jiyuan/cpu/PCAdder.vhd 2016/11/23.18:44:28 P.20131013
EN work/PCAdder 1479998322 \
      FL D:/Junior/ComputerOrganization/CPU/jiyuan/cpu/PCAdder.vhd \
      PB ieee/std_logic_1164 1381692176 PB ieee/STD_LOGIC_UNSIGNED 1381692179
AR work/PCAdder/Behavioral 1479998323 \
      FL D:/Junior/ComputerOrganization/CPU/jiyuan/cpu/PCAdder.vhd \
      EN work/PCAdder 1479998322
FL D:/Junior/ComputerOrganization/CPU/jiyuan/cpu/PCMux.vhd 2016/11/24.21:47:20 P.20131013
EN work/PCMux 1479998350 \
      FL D:/Junior/ComputerOrganization/CPU/jiyuan/cpu/PCMux.vhd \
      PB ieee/std_logic_1164 1381692176 PB ieee/std_logic_arith 1381692177 \
      PB ieee/STD_LOGIC_UNSIGNED 1381692179
AR work/PCMux/Behavioral 1479998351 \
      FL D:/Junior/ComputerOrganization/CPU/jiyuan/cpu/PCMux.vhd EN work/PCMux 1479998350
FL D:/Junior/ComputerOrganization/CPU/jiyuan/cpu/PCRegister.vhd 2016/11/24.21:42:41 P.20131013
EN work/PCRegister 1479998320 \
      FL D:/Junior/ComputerOrganization/CPU/jiyuan/cpu/PCRegister.vhd \
      PB ieee/std_logic_1164 1381692176
AR work/PCRegister/Behavioral 1479998321 \
      FL D:/Junior/ComputerOrganization/CPU/jiyuan/cpu/PCRegister.vhd \
      EN work/PCRegister 1479998320
FL D:/Junior/ComputerOrganization/CPU/jiyuan/cpu/RdMux.vhd 2016/11/24.16:50:28 P.20131013
EN work/RdMux 1479998326 \
      FL D:/Junior/ComputerOrganization/CPU/jiyuan/cpu/RdMux.vhd \
      PB ieee/std_logic_1164 1381692176
AR work/RdMux/Behavioral 1479998327 \
      FL D:/Junior/ComputerOrganization/CPU/jiyuan/cpu/RdMux.vhd EN work/RdMux 1479998326
FL D:/Junior/ComputerOrganization/CPU/jiyuan/cpu/ReadReg1Mux.vhd 2016/11/23.18:44:45 P.20131013
EN work/ReadReg1Mux 1479998360 \
      FL D:/Junior/ComputerOrganization/CPU/jiyuan/cpu/ReadReg1Mux.vhd \
      PB ieee/std_logic_1164 1381692176
AR work/ReadReg1Mux/Behavioral 1479998361 \
      FL D:/Junior/ComputerOrganization/CPU/jiyuan/cpu/ReadReg1Mux.vhd \
      EN work/ReadReg1Mux 1479998360
FL D:/Junior/ComputerOrganization/CPU/jiyuan/cpu/ReadReg2Mux.vhd 2016/11/24.17:07:29 P.20131013
EN work/ReadReg2Mux 1479998362 \
      FL D:/Junior/ComputerOrganization/CPU/jiyuan/cpu/ReadReg2Mux.vhd \
      PB ieee/std_logic_1164 1381692176
AR work/ReadReg2Mux/Behavioral 1479998363 \
      FL D:/Junior/ComputerOrganization/CPU/jiyuan/cpu/ReadReg2Mux.vhd \
      EN work/ReadReg2Mux 1479998362
FL D:/Junior/ComputerOrganization/CPU/jiyuan/cpu/Registers.vhd 2016/11/24.19:46:44 P.20131013
EN work/Registers 1479998330 \
      FL D:/Junior/ComputerOrganization/CPU/jiyuan/cpu/Registers.vhd \
      PB ieee/std_logic_1164 1381692176
AR work/Registers/Behavioral 1479998331 \
      FL D:/Junior/ComputerOrganization/CPU/jiyuan/cpu/Registers.vhd \
      EN work/Registers 1479998330
FL D:/Junior/ComputerOrganization/CPU/jiyuan/cpu/StructConflictUnit.vhd 2016/11/23.18:44:45 P.20131013
EN work/StructConflictUnit 1479998356 \
      FL D:/Junior/ComputerOrganization/CPU/jiyuan/cpu/StructConflictUnit.vhd \
      PB ieee/std_logic_1164 1381692176
AR work/StructConflictUnit/Behavioral 1479998357 \
      FL D:/Junior/ComputerOrganization/CPU/jiyuan/cpu/StructConflictUnit.vhd \
      EN work/StructConflictUnit 1479998356
