V3 114
FL D:/Junior/ComputerOrganization/CPU/jiyuan/cpu/ALU.vhd 2016/11/26.21:51:39 P.20131013
EN work/ALU 1480433162 FL D:/Junior/ComputerOrganization/CPU/jiyuan/cpu/ALU.vhd \
      PB ieee/std_logic_1164 1381692176 PB ieee/STD_LOGIC_UNSIGNED 1381692179 \
      PB ieee/std_logic_arith 1381692177
AR work/ALU/Behavioral 1480433163 \
      FL D:/Junior/ComputerOrganization/CPU/jiyuan/cpu/ALU.vhd EN work/ALU 1480433162
FL D:/Junior/ComputerOrganization/CPU/jiyuan/cpu/AMux.vhd 2016/11/26.21:51:19 P.20131013
EN work/AMux 1480433156 FL D:/Junior/ComputerOrganization/CPU/jiyuan/cpu/AMux.vhd \
      PB ieee/std_logic_1164 1381692176
AR work/AMux/Behavioral 1480433157 \
      FL D:/Junior/ComputerOrganization/CPU/jiyuan/cpu/AMux.vhd EN work/AMux 1480433156
FL D:/Junior/ComputerOrganization/CPU/jiyuan/cpu/BMux.vhd 2016/11/26.21:51:24 P.20131013
EN work/BMux 1480433158 FL D:/Junior/ComputerOrganization/CPU/jiyuan/cpu/BMux.vhd \
      PB ieee/std_logic_1164 1381692176
AR work/BMux/Behavioral 1480433159 \
      FL D:/Junior/ComputerOrganization/CPU/jiyuan/cpu/BMux.vhd EN work/BMux 1480433158
FL D:/Junior/ComputerOrganization/CPU/jiyuan/cpu/clock.vhd 2016/11/29.23:14:35 P.20131013
EN work/clock 1480433174 \
      FL D:/Junior/ComputerOrganization/CPU/jiyuan/cpu/clock.vhd \
      PB ieee/std_logic_1164 1381692176
AR work/clock/Behavioral 1480433175 \
      FL D:/Junior/ComputerOrganization/CPU/jiyuan/cpu/clock.vhd EN work/clock 1480433174
FL D:/Junior/ComputerOrganization/CPU/jiyuan/cpu/Controller.vhd 2016/11/26.10:54:08 P.20131013
EN work/Controller 1480433148 \
      FL D:/Junior/ComputerOrganization/CPU/jiyuan/cpu/Controller.vhd \
      PB ieee/std_logic_1164 1381692176
AR work/Controller/Behavioral 1480433149 \
      FL D:/Junior/ComputerOrganization/CPU/jiyuan/cpu/Controller.vhd \
      EN work/Controller 1480433148
FL D:/Junior/ComputerOrganization/CPU/jiyuan/cpu/cpu.vhd 2016/11/29.23:15:43 P.20131013
EN work/cpu 1480433194 FL D:/Junior/ComputerOrganization/CPU/jiyuan/cpu/cpu.vhd \
      PB ieee/std_logic_1164 1381692176
AR work/cpu/Behavioral 1480433195 \
      FL D:/Junior/ComputerOrganization/CPU/jiyuan/cpu/cpu.vhd EN work/cpu 1480433194 \
      CP PCRegister CP PCAdder CP IfIdRegisters CP RdMux CP Controller CP Registers \
      CP ImmeExtendUnit CP IdExRegisters CP AMux CP BMux CP ForwardController CP ALU \
      CP ExMemRegisters CP MemWbRegisters CP HazardDetectionUnit CP PCMux \
      CP MemoryUnit CP Clock CP StructConflictUnit CP MFPCMux CP ReadReg1Mux \
      CP ReadReg2Mux CP VGA_Controller CP digit CP fontRom CP WriteDataMux CP dcm
FL D:/Junior/ComputerOrganization/CPU/jiyuan/cpu/dcm.vhd 2016/11/29.23:25:36 P.20131013
EN work/dcm 1480433192 FL D:/Junior/ComputerOrganization/CPU/jiyuan/cpu/dcm.vhd \
      PB ieee/std_logic_1164 1381692176 PB ieee/NUMERIC_STD 1381692181 LB UNISIM \
      PH unisim/VCOMPONENTS 1381692182
AR work/dcm/BEHAVIORAL 1480433193 \
      FL D:/Junior/ComputerOrganization/CPU/jiyuan/cpu/dcm.vhd EN work/dcm 1480433192 \
      CP BUFG CP DCM_SP
FL D:/Junior/ComputerOrganization/CPU/jiyuan/cpu/ExMemRegisters.vhd 2016/11/28.19:29:01 P.20131013
EN work/ExMemRegisters 1480433164 \
      FL D:/Junior/ComputerOrganization/CPU/jiyuan/cpu/ExMemRegisters.vhd \
      PB ieee/std_logic_1164 1381692176
AR work/ExMemRegisters/Behavioral 1480433165 \
      FL D:/Junior/ComputerOrganization/CPU/jiyuan/cpu/ExMemRegisters.vhd \
      EN work/ExMemRegisters 1480433164
FL D:/Junior/ComputerOrganization/CPU/jiyuan/cpu/ForwardController.vhd 2016/11/26.21:51:33 P.20131013
EN work/ForwardController 1480433160 \
      FL D:/Junior/ComputerOrganization/CPU/jiyuan/cpu/ForwardController.vhd \
      PB ieee/std_logic_1164 1381692176
AR work/ForwardController/Behavioral 1480433161 \
      FL D:/Junior/ComputerOrganization/CPU/jiyuan/cpu/ForwardController.vhd \
      EN work/ForwardController 1480433160
FL D:/Junior/ComputerOrganization/CPU/jiyuan/cpu/HazardDetectionUnit.vhd 2016/11/26.21:51:52 P.20131013
EN work/HazardDetectionUnit 1480433168 \
      FL D:/Junior/ComputerOrganization/CPU/jiyuan/cpu/HazardDetectionUnit.vhd \
      PB ieee/std_logic_1164 1381692176
AR work/HazardDetectionUnit/Behavioral 1480433169 \
      FL D:/Junior/ComputerOrganization/CPU/jiyuan/cpu/HazardDetectionUnit.vhd \
      EN work/HazardDetectionUnit 1480433168
FL D:/Junior/ComputerOrganization/CPU/jiyuan/cpu/IdExRegisters.vhd 2016/11/28.19:29:01 P.20131013
EN work/IdExRegisters 1480433154 \
      FL D:/Junior/ComputerOrganization/CPU/jiyuan/cpu/IdExRegisters.vhd \
      PB ieee/std_logic_1164 1381692176
AR work/IdExRegisters/Behavioral 1480433155 \
      FL D:/Junior/ComputerOrganization/CPU/jiyuan/cpu/IdExRegisters.vhd \
      EN work/IdExRegisters 1480433154
FL D:/Junior/ComputerOrganization/CPU/jiyuan/cpu/IfIdRegisters.vhd 2016/11/28.19:29:01 P.20131013
EN work/IfIdRegisters 1480433144 \
      FL D:/Junior/ComputerOrganization/CPU/jiyuan/cpu/IfIdRegisters.vhd \
      PB ieee/std_logic_1164 1381692176
AR work/IfIdRegisters/Behavioral 1480433145 \
      FL D:/Junior/ComputerOrganization/CPU/jiyuan/cpu/IfIdRegisters.vhd \
      EN work/IfIdRegisters 1480433144
FL D:/Junior/ComputerOrganization/CPU/jiyuan/cpu/ImmeExtendUnit.vhd 2016/11/26.21:50:57 P.20131013
EN work/ImmeExtendUnit 1480433152 \
      FL D:/Junior/ComputerOrganization/CPU/jiyuan/cpu/ImmeExtendUnit.vhd \
      PB ieee/std_logic_1164 1381692176
AR work/ImmeExtendUnit/Behavioral 1480433153 \
      FL D:/Junior/ComputerOrganization/CPU/jiyuan/cpu/ImmeExtendUnit.vhd \
      EN work/ImmeExtendUnit 1480433152
FL D:/Junior/ComputerOrganization/CPU/jiyuan/cpu/ipcore_dir/digit.vhd 2015/12/01.11:57:10 P.20131013
EN work/digit 1480433186 \
      FL D:/Junior/ComputerOrganization/CPU/jiyuan/cpu/ipcore_dir/digit.vhd \
      PB ieee/std_logic_1164 1381692176
AR work/digit/digit_a 1480433187 \
      FL D:/Junior/ComputerOrganization/CPU/jiyuan/cpu/ipcore_dir/digit.vhd \
      EN work/digit 1480433186
FL D:/Junior/ComputerOrganization/CPU/jiyuan/cpu/ipcore_dir/fontRom.vhd 2015/12/01.14:03:20 P.20131013
EN work/fontRom 1480433188 \
      FL D:/Junior/ComputerOrganization/CPU/jiyuan/cpu/ipcore_dir/fontRom.vhd \
      PB ieee/std_logic_1164 1381692176
AR work/fontRom/fontRom_a 1480433189 \
      FL D:/Junior/ComputerOrganization/CPU/jiyuan/cpu/ipcore_dir/fontRom.vhd \
      EN work/fontRom 1480433188
FL D:/Junior/ComputerOrganization/CPU/jiyuan/cpu/MemoryUnit.vhd 2016/11/29.23:24:17 P.20131013
EN work/MemoryUnit 1480433172 \
      FL D:/Junior/ComputerOrganization/CPU/jiyuan/cpu/MemoryUnit.vhd \
      PB ieee/std_logic_1164 1381692176 PB ieee/std_logic_arith 1381692177 \
      PB ieee/STD_LOGIC_UNSIGNED 1381692179
AR work/MemoryUnit/Behavioral 1480433173 \
      FL D:/Junior/ComputerOrganization/CPU/jiyuan/cpu/MemoryUnit.vhd \
      EN work/MemoryUnit 1480433172
FL D:/Junior/ComputerOrganization/CPU/jiyuan/cpu/MemWbRegisters.vhd 2016/11/28.19:29:01 P.20131013
EN work/MemWbRegisters 1480433166 \
      FL D:/Junior/ComputerOrganization/CPU/jiyuan/cpu/MemWbRegisters.vhd \
      PB ieee/std_logic_1164 1381692176
AR work/MemWbRegisters/Behavioral 1480433167 \
      FL D:/Junior/ComputerOrganization/CPU/jiyuan/cpu/MemWbRegisters.vhd \
      EN work/MemWbRegisters 1480433166
FL D:/Junior/ComputerOrganization/CPU/jiyuan/cpu/MFPCMux.vhd 2016/11/23.18:44:45 P.20131013
EN work/MFPCMux 1480433178 \
      FL D:/Junior/ComputerOrganization/CPU/jiyuan/cpu/MFPCMux.vhd \
      PB ieee/std_logic_1164 1381692176
AR work/MFPCMux/Behavioral 1480433179 \
      FL D:/Junior/ComputerOrganization/CPU/jiyuan/cpu/MFPCMux.vhd \
      EN work/MFPCMux 1480433178
FL D:/Junior/ComputerOrganization/CPU/jiyuan/cpu/PCAdder.vhd 2016/11/26.21:50:24 P.20131013
EN work/PCAdder 1480433142 \
      FL D:/Junior/ComputerOrganization/CPU/jiyuan/cpu/PCAdder.vhd \
      PB ieee/std_logic_1164 1381692176 PB ieee/STD_LOGIC_UNSIGNED 1381692179
AR work/PCAdder/Behavioral 1480433143 \
      FL D:/Junior/ComputerOrganization/CPU/jiyuan/cpu/PCAdder.vhd \
      EN work/PCAdder 1480433142
FL D:/Junior/ComputerOrganization/CPU/jiyuan/cpu/PCMux.vhd 2016/11/24.21:47:20 P.20131013
EN work/PCMux 1480433170 \
      FL D:/Junior/ComputerOrganization/CPU/jiyuan/cpu/PCMux.vhd \
      PB ieee/std_logic_1164 1381692176 PB ieee/std_logic_arith 1381692177 \
      PB ieee/STD_LOGIC_UNSIGNED 1381692179
AR work/PCMux/Behavioral 1480433171 \
      FL D:/Junior/ComputerOrganization/CPU/jiyuan/cpu/PCMux.vhd EN work/PCMux 1480433170
FL D:/Junior/ComputerOrganization/CPU/jiyuan/cpu/PCRegister.vhd 2016/11/28.19:29:01 P.20131013
EN work/PCRegister 1480433140 \
      FL D:/Junior/ComputerOrganization/CPU/jiyuan/cpu/PCRegister.vhd \
      PB ieee/std_logic_1164 1381692176
AR work/PCRegister/Behavioral 1480433141 \
      FL D:/Junior/ComputerOrganization/CPU/jiyuan/cpu/PCRegister.vhd \
      EN work/PCRegister 1480433140
FL D:/Junior/ComputerOrganization/CPU/jiyuan/cpu/RdMux.vhd 2016/11/26.21:50:38 P.20131013
EN work/RdMux 1480433146 \
      FL D:/Junior/ComputerOrganization/CPU/jiyuan/cpu/RdMux.vhd \
      PB ieee/std_logic_1164 1381692176
AR work/RdMux/Behavioral 1480433147 \
      FL D:/Junior/ComputerOrganization/CPU/jiyuan/cpu/RdMux.vhd EN work/RdMux 1480433146
FL D:/Junior/ComputerOrganization/CPU/jiyuan/cpu/ReadReg1Mux.vhd 2016/11/23.18:44:45 P.20131013
EN work/ReadReg1Mux 1480433180 \
      FL D:/Junior/ComputerOrganization/CPU/jiyuan/cpu/ReadReg1Mux.vhd \
      PB ieee/std_logic_1164 1381692176
AR work/ReadReg1Mux/Behavioral 1480433181 \
      FL D:/Junior/ComputerOrganization/CPU/jiyuan/cpu/ReadReg1Mux.vhd \
      EN work/ReadReg1Mux 1480433180
FL D:/Junior/ComputerOrganization/CPU/jiyuan/cpu/ReadReg2Mux.vhd 2016/11/24.17:07:29 P.20131013
EN work/ReadReg2Mux 1480433182 \
      FL D:/Junior/ComputerOrganization/CPU/jiyuan/cpu/ReadReg2Mux.vhd \
      PB ieee/std_logic_1164 1381692176
AR work/ReadReg2Mux/Behavioral 1480433183 \
      FL D:/Junior/ComputerOrganization/CPU/jiyuan/cpu/ReadReg2Mux.vhd \
      EN work/ReadReg2Mux 1480433182
FL D:/Junior/ComputerOrganization/CPU/jiyuan/cpu/Registers.vhd 2016/11/29.23:14:20 P.20131013
EN work/Registers 1480433150 \
      FL D:/Junior/ComputerOrganization/CPU/jiyuan/cpu/Registers.vhd \
      PB ieee/std_logic_1164 1381692176
AR work/Registers/Behavioral 1480433151 \
      FL D:/Junior/ComputerOrganization/CPU/jiyuan/cpu/Registers.vhd \
      EN work/Registers 1480433150
FL D:/Junior/ComputerOrganization/CPU/jiyuan/cpu/StructConflictUnit.vhd 2016/11/29.17:05:41 P.20131013
EN work/StructConflictUnit 1480433176 \
      FL D:/Junior/ComputerOrganization/CPU/jiyuan/cpu/StructConflictUnit.vhd \
      PB ieee/std_logic_1164 1381692176 PB ieee/STD_LOGIC_UNSIGNED 1381692179 \
      PB ieee/std_logic_arith 1381692177
AR work/StructConflictUnit/Behavioral 1480433177 \
      FL D:/Junior/ComputerOrganization/CPU/jiyuan/cpu/StructConflictUnit.vhd \
      EN work/StructConflictUnit 1480433176
FL D:/Junior/ComputerOrganization/CPU/jiyuan/cpu/VGA_Controller.vhd 2016/11/28.19:29:01 P.20131013
EN work/VGA_Controller 1480433184 \
      FL D:/Junior/ComputerOrganization/CPU/jiyuan/cpu/VGA_Controller.vhd \
      PB ieee/std_logic_1164 1381692176 PB ieee/STD_LOGIC_UNSIGNED 1381692179 \
      PB ieee/std_logic_arith 1381692177
AR work/VGA_Controller/behave 1480433185 \
      FL D:/Junior/ComputerOrganization/CPU/jiyuan/cpu/VGA_Controller.vhd \
      EN work/VGA_Controller 1480433184
FL D:/Junior/ComputerOrganization/CPU/jiyuan/cpu/WriteDataMux.vhd 2016/11/26.20:19:14 P.20131013
EN work/WriteDataMux 1480433190 \
      FL D:/Junior/ComputerOrganization/CPU/jiyuan/cpu/WriteDataMux.vhd \
      PB ieee/std_logic_1164 1381692176
AR work/WriteDataMux/Behavioral 1480433191 \
      FL D:/Junior/ComputerOrganization/CPU/jiyuan/cpu/WriteDataMux.vhd \
      EN work/WriteDataMux 1480433190
